cargo :    Compiling fasm-compiler v0.1.0 
(G:\Dev\FASM\crates\fasm-compiler)
At line:1 char:1
+ cargo build --workspace 2> 
G:\Dev\FASM\build_errors.txt; $e = (Get-Co ...
+ ~~~~~~~~~~~~~~~~~~~~~~~~~~~~~~~~~~~~~~~~~~~~~~~~~~~~
~~~
    + CategoryInfo          : NotSpecified: (   Compi 
   ling fa...\fasm-compiler):String) [], RemoteExcep  
  tion
    + FullyQualifiedErrorId : NativeCommandError
 
warning: hard linking files in the incremental 
compilation cache failed. copying files instead. 
consider moving the cache directory to a file system 
which supports hard linking in session dir `\\?\G:\Dev
\FASM\target\debug\incremental\fasm_compiler-3qubbk9yp
jklq\s-hhf3h8usd7-129zssw-working`

warning: `fasm-compiler` (lib) generated 1 warning
   Compiling fasm-cli v0.1.0 
(G:\Dev\FASM\crates\fasm-cli)
warning: hard linking files in the incremental 
compilation cache failed. copying files instead. 
consider moving the cache directory to a file system 
which supports hard linking in session dir `\\?\G:\Dev
\FASM\target\debug\incremental\fibbench_native-3ezt4fj
4247lh\s-hhf3h9smew-0tv5z7q-working`

warning: hard linking files in the incremental 
compilation cache failed. copying files instead. 
consider moving the cache directory to a file system 
which supports hard linking in session dir `\\?\G:\Dev
\FASM\target\debug\incremental\fasm-2e222o0ss4lub\s-hh
f3h9smoa-0v53h8j-working`

warning: `fasm-cli` (bin "fibbench_native") generated 
1 warning
warning: `fasm-cli` (bin "fasm") generated 1 warning
    Finished `dev` profile [unoptimized + debuginfo] 
target(s) in 3.04s
